nohup: ignoring input
=================================================================
  PackGNN Training — Dynamic Graph Charging Project
=================================================================
  Device    : cuda
  GPU       : NVIDIA L40S
  Rollouts  : 5000
  Epochs    : 50
  Chemistry : LFP | Cells: 12

── Step 1: Data Generation ─────────────────────────────────
  ECM df: 180 rows
  Generating 5000 rollouts...
  [0/5000] samples=0 elapsed=0s ETA=0s
  [100/5000] samples=587 elapsed=0s ETA=21s
  [200/5000] samples=1176 elapsed=1s ETA=20s
  [300/5000] samples=1759 elapsed=1s ETA=20s
  [400/5000] samples=2354 elapsed=2s ETA=19s
    500/5000 rollouts | 2969 samples so far
  [500/5000] samples=2969 elapsed=2s ETA=19s
  [600/5000] samples=3605 elapsed=3s ETA=19s
  [700/5000] samples=4214 elapsed=3s ETA=18s
  [800/5000] samples=4799 elapsed=3s ETA=18s
  [900/5000] samples=5423 elapsed=4s ETA=17s
    1000/5000 rollouts | 5979 samples so far
  [1000/5000] samples=5979 elapsed=4s ETA=17s
  [1100/5000] samples=6565 elapsed=5s ETA=16s
  [1200/5000] samples=7176 elapsed=5s ETA=16s
  [1300/5000] samples=7779 elapsed=5s ETA=16s
  [1400/5000] samples=8383 elapsed=6s ETA=15s
    1500/5000 rollouts | 8974 samples so far
  [1500/5000] samples=8974 elapsed=6s ETA=15s
  [1600/5000] samples=9579 elapsed=7s ETA=14s
  [1700/5000] samples=10168 elapsed=7s ETA=14s
  [1800/5000] samples=10740 elapsed=8s ETA=13s
  [1900/5000] samples=11319 elapsed=8s ETA=13s
    2000/5000 rollouts | 11916 samples so far
  [2000/5000] samples=11916 elapsed=8s ETA=13s
  [2100/5000] samples=12507 elapsed=9s ETA=12s
  [2200/5000] samples=13105 elapsed=9s ETA=12s
  [2300/5000] samples=13698 elapsed=10s ETA=11s
  [2400/5000] samples=14291 elapsed=10s ETA=11s
    2500/5000 rollouts | 14864 samples so far
  [2500/5000] samples=14864 elapsed=10s ETA=10s
  [2600/5000] samples=15445 elapsed=11s ETA=10s
  [2700/5000] samples=16059 elapsed=11s ETA=10s
  [2800/5000] samples=16645 elapsed=12s ETA=9s
  [2900/5000] samples=17229 elapsed=12s ETA=9s
    3000/5000 rollouts | 17820 samples so far
  [3000/5000] samples=17820 elapsed=13s ETA=8s
  [3100/5000] samples=18415 elapsed=13s ETA=8s
  [3200/5000] samples=19037 elapsed=13s ETA=8s
  [3300/5000] samples=19628 elapsed=14s ETA=7s
  [3400/5000] samples=20206 elapsed=14s ETA=7s
    3500/5000 rollouts | 20772 samples so far
  [3500/5000] samples=20772 elapsed=15s ETA=6s
  [3600/5000] samples=21355 elapsed=15s ETA=6s
  [3700/5000] samples=21950 elapsed=15s ETA=5s
  [3800/5000] samples=22542 elapsed=16s ETA=5s
  [3900/5000] samples=23143 elapsed=16s ETA=5s
    4000/5000 rollouts | 23720 samples so far
  [4000/5000] samples=23720 elapsed=17s ETA=4s
  [4100/5000] samples=24315 elapsed=17s ETA=4s
  [4200/5000] samples=24898 elapsed=18s ETA=3s
  [4300/5000] samples=25496 elapsed=18s ETA=3s
  [4400/5000] samples=26088 elapsed=18s ETA=3s
    4500/5000 rollouts | 26689 samples so far
  [4500/5000] samples=26689 elapsed=19s ETA=2s
  [4600/5000] samples=27320 elapsed=19s ETA=2s
  [4700/5000] samples=27934 elapsed=20s ETA=1s
  [4800/5000] samples=28551 elapsed=20s ETA=1s
  [4900/5000] samples=29165 elapsed=20s ETA=0s
    5000/5000 rollouts | 29727 samples so far
  Total samples: 29727

── Step 2: GNN Training ─────────────────────────────────────

  Training PackGNN | device=cuda | samples=29727 | epochs=50
  PackGNN params: 84,804

    Ep      Train        Val   SOC_MAE   dT_MAE        LR
  -------------------------------------------------------
     1   0.107379   0.038983    2.455%   0.1298°C  9.99e-04
     5   0.019814   0.017914    1.392%   0.0884°C  9.76e-04
    10   0.016853   0.016000    1.292%   0.0911°C  9.05e-04
    15   0.016286   0.016239    1.385%   0.0863°C  7.96e-04
    20   0.016269   0.015507    1.283%   0.0917°C  6.58e-04
    25   0.015754   0.015857    1.392%   0.0905°C  5.05e-04
    30   0.015382   0.016675    1.281%   0.0840°C  3.52e-04
    35   0.015304   0.014989    1.260%   0.0859°C  2.14e-04
    40   0.015084   0.015061    1.261%   0.0900°C  1.05e-04
    45   0.015017   0.014858    1.259%   0.0863°C  3.42e-05
    50   0.014978   0.014858    1.258%   0.0876°C  1.00e-05

  ✅ Model saved → ../results/models_v2/pack_gnn_20260630_220402.pt
  Best val loss: 0.014847
  Final SOC MAE: 1.258%
  Final ΔT  MAE: 0.0876°C

=================================================================
  ✅ GNN Training Complete!
  SOC MAE : 1.258%
  ΔT  MAE : 0.0876°C
=================================================================
